C51 COMPILER V9.60.0.0   PUBLIC                                                            02/04/2023 19:24:03 PAGE 1   


C51 COMPILER V9.60.0.0, COMPILATION OF MODULE PUBLIC
OBJECT MODULE PLACED IN .\Objects\public.obj
COMPILER INVOKED BY: E:\EE\Keil_v5\C51\BIN\C51.EXE system\public.c LARGE OPTIMIZE(8,SPEED) BROWSE INCDIR(.\hardware;.\sy
                    -stem) DEBUG OBJECTEXTEND PRINT(.\Listings\public.lst) OBJECT(.\Objects\public.obj)

line level    source

   1          #include "public.h"
   2          
   3          void delay(uint c)   //Îó²î 0us
   4          {
   5   1          uchar a,b;
   6   1              for (; c>0; c--)
   7   1              {
   8   2                       for (b=199;b>0;b--)
   9   2                       {
  10   3                              for(a=1;a>0;a--);
  11   3                       }      
  12   2              }       
  13   1      }


MODULE INFORMATION:   STATIC OVERLAYABLE
   CODE SIZE        =     47    ----
   CONSTANT SIZE    =   ----    ----
   XDATA SIZE       =   ----    ----
   PDATA SIZE       =   ----    ----
   DATA SIZE        =   ----    ----
   IDATA SIZE       =   ----    ----
   BIT SIZE         =   ----    ----
END OF MODULE INFORMATION.


C51 COMPILATION COMPLETE.  0 WARNING(S),  0 ERROR(S)
